  ISO v4 Plugin: G:/Shared drives/Olds College Smart Farm Vault/1. Smart Farm/Raw Equipment Data/2022
  ISO v4 Plugin: G:/Shared drives/Olds College Smart Farm Vault/1. Smart Farm/Raw Equipment Data/2022\Dallas Farms-20221006T132743Z-001
  ProtobufPlugins: G:/Shared drives/Olds College Smart Farm Vault/1. Smart Farm/Raw Equipment Data/2022\Chopper 2022
  ISO v4 Plugin: G:/Shared drives/Olds College Smart Farm Vault/1. Smart Farm/Raw Equipment Data/2022\2022 Harvest Data
  ISO v4 Plugin: G:/Shared drives/Olds College Smart Farm Vault/1. Smart Farm/Raw Equipment Data/2022\Dallas Farms-20221006T132743Z-001\Dallas Farms
  ISO v4 Plugin: G:/Shared drives/Olds College Smart Farm Vault/1. Smart Farm/Raw Equipment Data/2022\2022 Harvest Data\DATA
  ISO v4 Plugin: G:/Shared drives/Olds College Smart Farm Vault/1. Smart Farm/Raw Equipment Data/2022\Dallas Farms-20221006T132743Z-001\Dallas Farms\SF 2022
  ISO v4 Plugin: G:/Shared drives/Olds College Smart Farm Vault/1. Smart Farm/Raw Equipment Data/2022\2022 Harvest Data\DATA\ISOXML-20220912
  ISO v4 Plugin: G:/Shared drives/Olds College Smart Farm Vault/1. Smart Farm/Raw Equipment Data/2022\2022 Harvest Data\DATA\ISOXML-20210919
  ISO v4 Plugin: G:/Shared drives/Olds College Smart Farm Vault/1. Smart Farm/Raw Equipment Data/2022\2022 Harvest Data\DATA\ISOXML-20220914
  ISO v4 Plugin: G:/Shared drives/Olds College Smart Farm Vault/1. Smart Farm/Raw Equipment Data/2022\2022 Harvest Data\DATA\ISOXML-20210921
  ISO v4 Plugin: G:/Shared drives/Olds College Smart Farm Vault/1. Smart Farm/Raw Equipment Data/2022\2022 Harvest Data\DATA\ISOXML-20210918
  ISO v4 Plugin: G:/Shared drives/Olds College Smart Farm Vault/1. Smart Farm/Raw Equipment Data/2022\2022 Harvest Data\DATA\ISOXML-20220921
  ISO v4 Plugin: G:/Shared drives/Olds College Smart Farm Vault/1. Smart Farm/Raw Equipment Data/2022\2022 Harvest Data\DATA\ISOXML-20220922
  ISO v4 Plugin: G:/Shared drives/Olds College Smart Farm Vault/1. Smart Farm/Raw Equipment Data/2022\2022 Harvest Data\DATA\ISOXML-20210928
  ISO v4 Plugin: G:/Shared drives/Olds College Smart Farm Vault/1. Smart Farm/Raw Equipment Data/2022\2022 Harvest Data\DATA\ISOXML-20220910
  ISO v4 Plugin: G:/Shared drives/Olds College Smart Farm Vault/1. Smart Farm/Raw Equipment Data/2022\2022 Harvest Data\DATA\ISOXML-20220916
  ISO v4 Plugin: G:/Shared drives/Olds College Smart Farm Vault/1. Smart Farm/Raw Equipment Data/2022\2022 Harvest Data\DATA\ISOXML-20220913
  ISO v4 Plugin: G:/Shared drives/Olds College Smart Farm Vault/1. Smart Farm/Raw Equipment Data/2022\2022 Harvest Data\DATA\ISOXML-20210929
  ISO v4 Plugin: G:/Shared drives/Olds College Smart Farm Vault/1. Smart Farm/Raw Equipment Data/2022\2022 Harvest Data\DATA\ISOXML-20220915
  ISO v4 Plugin: G:/Shared drives/Olds College Smart Farm Vault/1. Smart Farm/Raw Equipment Data/2022\Dallas Farms-20221006T132743Z-001\Dallas Farms\SF 2022\SF 2022
  ISO v4 Plugin: G:/Shared drives/Olds College Smart Farm Vault/1. Smart Farm/Raw Equipment Data/2022\Dallas Farms-20221006T132743Z-001\Dallas Farms\SF 2022\SF 2022\TASKDATA
  ISO v4 Plugin: G:/Shared drives/Olds College Smart Farm Vault/1. Smart Farm/Raw Equipment Data/2022\Dallas Farms-20221006T132743Z-001\Dallas Farms\SF 2022\SF 2022\220517I0.cn1
  ISO v4 Plugin: G:/Shared drives/Olds College Smart Farm Vault/1. Smart Farm/Raw Equipment Data/2022\Dallas Farms-20221006T132743Z-001\Dallas Farms\SF 2022\SF 2022\220517I0.cn1\xml
